3057
2824
1922
2244
502
1129
975
616
2137
2713
106
302
538
62
1177
2589
3649
2162
340
1012
936
1030
1234
480
3229
4
896
1039
2340
1900
900
73
37
1007
451
1374
2348
314
2373
325
3398
692
-30
663
1788
2989
246
-39
799
2479
1446
1515
323
288
3353
317
3134
334
826
751
783
1623
319
736
2077
92
2089
248
479
1783
1684
4479
572
580
3211
438
3347
2177
2311
900
3130
2012
713
635
3054
3395
