10089
10404
859
-3257
-5127
20612
-5698
-895
2099
-3882
17171
-1953
14744
-1945
-809
5210
1244
-989
4370
-6530
11139
-1697
3772
7769
1559
2379
1947
-2084
11442
10337
