1373
778
12701
1567
1075
8507
7470
12234
9519
3510
10050
2773
4461
5962
6952
1950
6472
2876
8927
556
10586
1231
928
9230
9323
4675
356
15
5614
1889
3927
552
171
317
4186
4392
3789
1861
12963
1613
1757
10133
8431
11090
3339
9829
8240
3632
3320
1002
10685
5859
762
4941
8995
7
10502
12985
6282
3722
5641
1922
59
8705
11551
3422
2071
1509
10888
349
1957
3514
6931
6874
13927
4257
10683
1188
6867
12445
1453
6504
552
368
657
4175
3886
443
391
7729
10670
8698
9829
1012
2836
3753
5676
