81
100
55
11
258
295
191
73
18
140
144
265
165
235
175
145
5
88
133
198
178
57
165
55
193
86
76
79
51
14
36
199
135
92
218
79
69
88
38
13
32
92
10
65
276
182
34
20
65
130
244
36
77
229
19
196
103
44
51
53
182
96
-2
100
163
232
16
270
66
26
52
75
56
274
95
35
178
157
184
76
216
67
24
42
218
96
44
142
93
136
87
21
134
98
53
92
123
